// Jest Snapshot v1, https://goo.gl/fbAQLP

exports[`Pruebas en el componentes GifGridItem Debe mostrar el componente correctamente 1`] = `
<div
  className="card animate__animated animate__flipInX"
>
  <img
    alt="Testing"
    src="testing.com"
  />
  <p>
    Testing
  </p>
</div>
`;
